Component: ARM Compiler 5.06 update 6 (build 750) Tool: armlink [4d35ed]

==============================================================================

Section Cross References

    tm4c123xxgpio_driver.o(i.AnalogPin) refers to tm4c123xxgpio_driver.o(i.GPIO_Init) for GPIO_Init
    tm4c123xxgpio_driver.o(i.DigitalPin) refers to tm4c123xxgpio_driver.o(i.GPIO_Init) for GPIO_Init
    tm4c123xxgpio_driver.o(i.GPIO_DeInit) refers to tm4c123xxgpio_driver.o(i.GPIO_ClockControl) for GPIO_ClockControl
    tm4c123xxgpio_driver.o(i.GPIO_Init) refers to gpio_pins.o(i.getPortAddr) for getPortAddr
    tm4c123xxgpio_driver.o(i.GPIO_Init) refers to gpio_pins.o(i.getPortName) for getPortName
    tm4c123xxgpio_driver.o(i.GPIO_Init) refers to gpio_pins.o(i.getPinNumber) for getPinNumber
    tm4c123xxgpio_driver.o(i.GPIO_Init) refers to tm4c123xxgpio_driver.o(i.GPIO_ClockControl) for GPIO_ClockControl
    tm4c123xxgpio_driver.o(i.InterruptPin) refers to gpio_pins.o(i.getPortName) for getPortName
    tm4c123xxgpio_driver.o(i.InterruptPin) refers to gpio_pins.o(i.getPinNumber) for getPinNumber
    tm4c123xxgpio_driver.o(i.InterruptPin) refers to tm4c123xxgpio_driver.o(i.GPIO_Init) for GPIO_Init
    tm4c123xxgpio_driver.o(i.ReadFromPin) refers to gpio_pins.o(i.getPortAddr) for getPortAddr
    tm4c123xxgpio_driver.o(i.ReadFromPin) refers to gpio_pins.o(i.getPinNumber) for getPinNumber
    tm4c123xxgpio_driver.o(i.ReadFromPort) refers to gpio_pins.o(i.getPortAddr) for getPortAddr
    tm4c123xxgpio_driver.o(i.ToggleGPIOPin) refers to gpio_pins.o(i.getPortAddr) for getPortAddr
    tm4c123xxgpio_driver.o(i.ToggleGPIOPin) refers to gpio_pins.o(i.getPinNumber) for getPinNumber
    tm4c123xxgpio_driver.o(i.WriteToPin) refers to gpio_pins.o(i.getPortAddr) for getPortAddr
    tm4c123xxgpio_driver.o(i.WriteToPin) refers to gpio_pins.o(i.getPinNumber) for getPinNumber
    tm4c123xxgpio_driver.o(i.WriteToPort) refers to gpio_pins.o(i.getPortAddr) for getPortAddr
    tm4c123xxgpio_driver.o(i.interruptpin) refers to gpio_pins.o(i.getPortName) for getPortName
    tm4c123xxgpio_driver.o(i.interruptpin) refers to gpio_pins.o(i.getPinNumber) for getPinNumber
    tm4c123xxgpio_driver.o(i.interruptpin) refers to tm4c123xxgpio_driver.o(i.GPIO_Init) for GPIO_Init
    tm4c123xxssi_driver.o(i.SPIStart) refers to tm4c123xxssi_driver.o(i.SSIGetAddress) for SSIGetAddress
    tm4c123xxssi_driver.o(i.SPIStart) refers to tm4c123xxssi_driver.o(i.SSIClockControl) for SSIClockControl
    tm4c123xxssi_driver.o(i.SPIStart) refers to tm4c123xxssi_driver.o(i.SSIInit) for SSIInit
    tm4c123xxssi_driver.o(i.SSIDeInit) refers to tm4c123xxssi_driver.o(i.SSIClockControl) for SSIClockControl
    tm4c123xxssi_driver.o(i.SSIInit) refers to tm4c123xxssi_driver.o(i.SSIClockControl) for SSIClockControl
    tm4c123xxssi_driver.o(i.SSIInit) refers to tm4c123xxgpio_driver.o(i.GPIO_ClockControl) for GPIO_ClockControl
    tm4c123xxssi_driver.o(i.SSIIntrRecv) refers to tm4c123xxssi_driver.o(i.SSIGetAddress) for SSIGetAddress
    tm4c123xxssi_driver.o(i.SSIIntrRecv) refers to tm4c123xxssi_driver.o(.data) for SSIIntrTxCount
    tm4c123xxssi_driver.o(i.SSIIntrRecv) refers to tm4c123xxssi_driver.o(.bss) for SSIIntrRxBuf
    tm4c123xxssi_driver.o(i.SSIIntrSend) refers to tm4c123xxssi_driver.o(i.SSIGetAddress) for SSIGetAddress
    tm4c123xxssi_driver.o(i.SSIIntrSend) refers to tm4c123xxssi_driver.o(.data) for SSIIntrTxCount
    tm4c123xxssi_driver.o(i.SSIIntrSend) refers to tm4c123xxssi_driver.o(.bss) for SSIIntrTxBuf
    tm4c123xxssi_driver.o(i.SSIRecv) refers to tm4c123xxssi_driver.o(i.SSIGetAddress) for SSIGetAddress
    tm4c123xxssi_driver.o(i.SSIRecv) refers to tm4c123xxssi_driver.o(i.WaitWhileSSIControllerIsBusy) for WaitWhileSSIControllerIsBusy
    tm4c123xxssi_driver.o(i.SSIRecvData) refers to tm4c123xxssi_driver.o(i.SSIGetAddress) for SSIGetAddress
    tm4c123xxssi_driver.o(i.SSIRecvData) refers to dflt_clz.o(x$fpl$dfltu) for __aeabi_ui2d
    tm4c123xxssi_driver.o(i.SSIRecvData) refers to ddiv.o(x$fpl$ddiv) for __aeabi_ddiv
    tm4c123xxssi_driver.o(i.SSIRecvData) refers to ceil.o(i.__hardfp_ceil) for __hardfp_ceil
    tm4c123xxssi_driver.o(i.SSIRecvData) refers to dfixu.o(x$fpl$dfixu) for __aeabi_d2uiz
    tm4c123xxssi_driver.o(i.SSIRecvData) refers to tm4c123xxssi_driver.o(i.WaitWhileSSIControllerIsBusy) for WaitWhileSSIControllerIsBusy
    tm4c123xxssi_driver.o(i.SSIRecvWithIntr) refers to tm4c123xxssi_driver.o(i.SSIGetAddress) for SSIGetAddress
    tm4c123xxssi_driver.o(i.SSIRecvWithIntr) refers to dflt_clz.o(x$fpl$dfltu) for __aeabi_ui2d
    tm4c123xxssi_driver.o(i.SSIRecvWithIntr) refers to ddiv.o(x$fpl$ddiv) for __aeabi_ddiv
    tm4c123xxssi_driver.o(i.SSIRecvWithIntr) refers to ceil.o(i.__hardfp_ceil) for __hardfp_ceil
    tm4c123xxssi_driver.o(i.SSIRecvWithIntr) refers to dfixu.o(x$fpl$dfixu) for __aeabi_d2uiz
    tm4c123xxssi_driver.o(i.SSIRecvWithIntr) refers to tm4c123xxssi_driver.o(.bss) for SSIIntrRxBuf
    tm4c123xxssi_driver.o(i.SSIRecvWithIntr) refers to tm4c123xxssi_driver.o(.data) for SSIIntrRxCount
    tm4c123xxssi_driver.o(i.SSISend) refers to tm4c123xxssi_driver.o(i.SSIGetAddress) for SSIGetAddress
    tm4c123xxssi_driver.o(i.SSISend) refers to tm4c123xxssi_driver.o(i.WaitWhileSSIControllerIsBusy) for WaitWhileSSIControllerIsBusy
    tm4c123xxssi_driver.o(i.SSISendData) refers to tm4c123xxssi_driver.o(i.SSIGetAddress) for SSIGetAddress
    tm4c123xxssi_driver.o(i.SSISendData) refers to dflt_clz.o(x$fpl$dfltu) for __aeabi_ui2d
    tm4c123xxssi_driver.o(i.SSISendData) refers to ddiv.o(x$fpl$ddiv) for __aeabi_ddiv
    tm4c123xxssi_driver.o(i.SSISendData) refers to ceil.o(i.__hardfp_ceil) for __hardfp_ceil
    tm4c123xxssi_driver.o(i.SSISendData) refers to dfixu.o(x$fpl$dfixu) for __aeabi_d2uiz
    tm4c123xxssi_driver.o(i.SSISendData) refers to tm4c123xxssi_driver.o(i.WaitWhileSSIControllerIsBusy) for WaitWhileSSIControllerIsBusy
    tm4c123xxssi_driver.o(i.SSISendWithIntr) refers to tm4c123xxssi_driver.o(i.SSIGetAddress) for SSIGetAddress
    tm4c123xxssi_driver.o(i.SSISendWithIntr) refers to dflt_clz.o(x$fpl$dfltu) for __aeabi_ui2d
    tm4c123xxssi_driver.o(i.SSISendWithIntr) refers to ddiv.o(x$fpl$ddiv) for __aeabi_ddiv
    tm4c123xxssi_driver.o(i.SSISendWithIntr) refers to ceil.o(i.__hardfp_ceil) for __hardfp_ceil
    tm4c123xxssi_driver.o(i.SSISendWithIntr) refers to dfixu.o(x$fpl$dfixu) for __aeabi_d2uiz
    tm4c123xxssi_driver.o(i.SSISendWithIntr) refers to tm4c123xxssi_driver.o(.bss) for SSIIntrTxBuf
    tm4c123xxssi_driver.o(i.SSISendWithIntr) refers to tm4c123xxssi_driver.o(.data) for SSIIntrTxCount
    tm4c123xxi2c_driver.o(i.I2CDeInit) refers to tm4c123xxi2c_driver.o(i.I2CClockControl) for I2CClockControl
    tm4c123xxi2c_driver.o(i.I2CInit) refers to tm4c123xxi2c_driver.o(i.I2CClockControl) for I2CClockControl
    tm4c123xxi2c_driver.o(i.I2CInit) refers to tm4c123xxi2c_driver.o(i.I2CGetAddress) for I2CGetAddress
    tm4c123xxi2c_driver.o(i.I2CInit) refers to tm4c123xxi2c_driver.o(i.GetSCLPin) for GetSCLPin
    tm4c123xxi2c_driver.o(i.I2CInit) refers to tm4c123xxi2c_driver.o(i.GetSDAPin) for GetSDAPin
    tm4c123xxi2c_driver.o(i.I2CInit) refers to gpio_pins.o(i.getPinNumber) for getPinNumber
    tm4c123xxi2c_driver.o(i.I2CInit) refers to gpio_pins.o(i.getPortAddr) for getPortAddr
    tm4c123xxi2c_driver.o(i.I2CInit) refers to gpio_pins.o(i.getPortName) for getPortName
    tm4c123xxi2c_driver.o(i.I2CInit) refers to tm4c123xxgpio_driver.o(i.GPIO_ClockControl) for GPIO_ClockControl
    tm4c123xxi2c_driver.o(i.I2CInit) refers to tm4c123xxi2c_driver.o(.data) for I2CDeviceAddress
    tm4c123xxi2c_driver.o(i.I2CMasterRecvByte) refers to tm4c123xxi2c_driver.o(i.I2CGetAddress) for I2CGetAddress
    tm4c123xxi2c_driver.o(i.I2CMasterRecvByte) refers to tm4c123xxi2c_driver.o(i.WaitWhileI2CisBusy) for WaitWhileI2CisBusy
    tm4c123xxi2c_driver.o(i.I2CMasterRecvData) refers to tm4c123xxi2c_driver.o(i.I2CGetAddress) for I2CGetAddress
    tm4c123xxi2c_driver.o(i.I2CMasterSendByte) refers to tm4c123xxi2c_driver.o(i.I2CGetAddress) for I2CGetAddress
    tm4c123xxi2c_driver.o(i.I2CMasterSendByte) refers to tm4c123xxi2c_driver.o(i.WaitWhileI2CisBusy) for WaitWhileI2CisBusy
    tm4c123xxi2c_driver.o(i.I2CMasterSendData) refers to tm4c123xxi2c_driver.o(i.I2CGetAddress) for I2CGetAddress
    tm4c123xxi2c_driver.o(i.I2CSetSlaveAddress) refers to tm4c123xxi2c_driver.o(.data) for I2CDeviceAddress
    tm4c123xxi2c_driver.o(i.I2CSlaveRecvByte) refers to tm4c123xxi2c_driver.o(i.I2CGetAddress) for I2CGetAddress
    tm4c123xxi2c_driver.o(i.WaitWhileI2CisBusy) refers to tm4c123xxi2c_driver.o(i.I2CGetAddress) for I2CGetAddress
    gpio_pins.o(i.ReadButtons) refers to tm4c123xxgpio_driver.o(i.ReadFromPin) for ReadFromPin
    gpio_pins.o(i.TurnOff) refers to gpio_pins.o(i.getPortAddr) for getPortAddr
    gpio_pins.o(i.TurnOff) refers to gpio_pins.o(i.getPinNumber) for getPinNumber
    gpio_pins.o(i.TurnOn) refers to gpio_pins.o(i.getPortAddr) for getPortAddr
    gpio_pins.o(i.TurnOn) refers to gpio_pins.o(i.getPinNumber) for getPinNumber
    gpio_pins.o(i.UseButtons) refers to tm4c123xxgpio_driver.o(i.DigitalPin) for DigitalPin
    gpio_pins.o(i.UseLEDs) refers to tm4c123xxgpio_driver.o(i.DigitalPin) for DigitalPin
    gpio_pins.o(i.WhiteLEDoff) refers to gpio_pins.o(i.TurnOff) for TurnOff
    gpio_pins.o(i.WhiteLEDon) refers to gpio_pins.o(i.TurnOn) for TurnOn
    gpio_pins.o(i.WhiteLEDon) refers to gpio_pins.o(i.delay_for_blink) for delay_for_blink
    gpio_pins.o(i.blink) refers to tm4c123xxgpio_driver.o(i.ToggleGPIOPin) for ToggleGPIOPin
    gpio_pins.o(i.blink) refers to gpio_pins.o(i.delay_for_blink) for delay_for_blink
    feb12__01_i2c_master_send.o(i.main) refers to gpio_pins.o(i.UseLEDs) for UseLEDs
    feb12__01_i2c_master_send.o(i.main) refers to gpio_pins.o(i.TurnOn) for TurnOn
    feb12__01_i2c_master_send.o(i.main) refers to tm4c123xxi2c_driver.o(i.I2CInit) for I2CInit
    feb12__01_i2c_master_send.o(i.main) refers to tm4c123xxi2c_driver.o(i.I2CMasterSendByte) for I2CMasterSendByte
    feb12__01_i2c_master_send.o(i.main) refers to gpio_pins.o(i.TurnOff) for TurnOff
    feb12__01_i2c_master_send.o(i.main) refers to feb12__01_i2c_master_send.o(i.delay) for delay
    feb12__01_i2c_master_send.o(i.main) refers to gpio_pins.o(i.blink) for blink
    startup_tm4c123.o(STACK) refers (Special) to heapauxi.o(.text) for __use_two_region_memory
    startup_tm4c123.o(HEAP) refers (Special) to heapauxi.o(.text) for __use_two_region_memory
    startup_tm4c123.o(RESET) refers (Special) to heapauxi.o(.text) for __use_two_region_memory
    startup_tm4c123.o(RESET) refers to startup_tm4c123.o(STACK) for __initial_sp
    startup_tm4c123.o(RESET) refers to startup_tm4c123.o(.text) for Reset_Handler
    startup_tm4c123.o(.text) refers (Special) to heapauxi.o(.text) for __use_two_region_memory
    startup_tm4c123.o(.text) refers to system_tm4c123.o(i.SystemInit) for SystemInit
    startup_tm4c123.o(.text) refers to __main.o(!!!main) for __main
    startup_tm4c123.o(.text) refers to startup_tm4c123.o(HEAP) for Heap_Mem
    startup_tm4c123.o(.text) refers to startup_tm4c123.o(STACK) for Stack_Mem
    system_tm4c123.o(i.SystemCoreClockUpdate) refers to system_tm4c123.o(i.getOscClk) for getOscClk
    system_tm4c123.o(i.SystemCoreClockUpdate) refers to system_tm4c123.o(.data) for SystemCoreClock
    __main.o(!!!main) refers to __rtentry.o(.ARM.Collect$$rtentry$$00000000) for __rt_entry
    ddiv.o(x$fpl$drdiv) refers (Special) to usenofp.o(x$fpl$usenofp) for __I$use$fp
    ddiv.o(x$fpl$drdiv) refers to ddiv.o(x$fpl$ddiv) for ddiv_entry
    ddiv.o(x$fpl$ddiv) refers (Special) to usenofp.o(x$fpl$usenofp) for __I$use$fp
    ddiv.o(x$fpl$ddiv) refers to dretinf.o(x$fpl$dretinf) for __fpl_dretinf
    ddiv.o(x$fpl$ddiv) refers to dnaninf.o(x$fpl$dnaninf) for __fpl_dnaninf
    dfixu.o(x$fpl$dfixu) refers (Special) to usenofp.o(x$fpl$usenofp) for __I$use$fp
    dfixu.o(x$fpl$dfixu) refers to dnaninf.o(x$fpl$dnaninf) for __fpl_dnaninf
    dfixu.o(x$fpl$dfixur) refers (Special) to usenofp.o(x$fpl$usenofp) for __I$use$fp
    dfixu.o(x$fpl$dfixur) refers to dnaninf.o(x$fpl$dnaninf) for __fpl_dnaninf
    dflt_clz.o(x$fpl$dfltu) refers (Special) to usenofp.o(x$fpl$usenofp) for __I$use$fp
    dflt_clz.o(x$fpl$dflt) refers (Special) to usenofp.o(x$fpl$usenofp) for __I$use$fp
    dflt_clz.o(x$fpl$dfltn) refers (Special) to usenofp.o(x$fpl$usenofp) for __I$use$fp
    ceil.o(i.__hardfp_ceil) refers (Special) to usenofp.o(x$fpl$usenofp) for __I$use$fp
    ceil.o(i.__hardfp_ceil) refers to daddsub_clz.o(x$fpl$dadd) for __aeabi_dadd
    ceil.o(i.__hardfp_ceil) refers to drleqf.o(x$fpl$drleqf) for __aeabi_cdrcmple
    ceil.o(i.__hardfp_ceil) refers to daddsub_clz.o(x$fpl$drsb) for __aeabi_drsub
    ceil.o(i.__softfp_ceil) refers (Special) to usenofp.o(x$fpl$usenofp) for __I$use$fp
    ceil.o(i.__softfp_ceil) refers to ceil.o(i.__hardfp_ceil) for __hardfp_ceil
    ceil.o(i.ceil) refers (Special) to usenofp.o(x$fpl$usenofp) for __I$use$fp
    ceil.o(i.ceil) refers to ceil.o(i.__hardfp_ceil) for __hardfp_ceil
    __rtentry.o(.ARM.Collect$$rtentry$$00000000) refers (Special) to __rtentry2.o(.ARM.Collect$$rtentry$$0000000A) for __rt_entry_li
    __rtentry.o(.ARM.Collect$$rtentry$$00000000) refers (Special) to __rtentry2.o(.ARM.Collect$$rtentry$$0000000D) for __rt_entry_main
    __rtentry.o(.ARM.Collect$$rtentry$$00000000) refers (Special) to __rtentry2.o(.ARM.Collect$$rtentry$$0000000C) for __rt_entry_postli_1
    __rtentry.o(.ARM.Collect$$rtentry$$00000000) refers (Special) to __rtentry2.o(.ARM.Collect$$rtentry$$00000009) for __rt_entry_postsh_1
    __rtentry.o(.ARM.Collect$$rtentry$$00000000) refers (Special) to __rtentry2.o(.ARM.Collect$$rtentry$$00000002) for __rt_entry_presh_1
    __rtentry.o(.ARM.Collect$$rtentry$$00000000) refers (Special) to __rtentry4.o(.ARM.Collect$$rtentry$$00000004) for __rt_entry_sh
    daddsub_clz.o(x$fpl$dadd) refers (Special) to usenofp.o(x$fpl$usenofp) for __I$use$fp
    daddsub_clz.o(x$fpl$dadd) refers to daddsub_clz.o(x$fpl$dsub) for _dsub1
    daddsub_clz.o(x$fpl$dadd) refers to dretinf.o(x$fpl$dretinf) for __fpl_dretinf
    daddsub_clz.o(x$fpl$dadd) refers to dnaninf.o(x$fpl$dnaninf) for __fpl_dnaninf
    daddsub_clz.o(x$fpl$drsb) refers (Special) to usenofp.o(x$fpl$usenofp) for __I$use$fp
    daddsub_clz.o(x$fpl$drsb) refers to daddsub_clz.o(x$fpl$dadd) for _dadd1
    daddsub_clz.o(x$fpl$drsb) refers to daddsub_clz.o(x$fpl$dsub) for _dsub1
    daddsub_clz.o(x$fpl$dsub) refers (Special) to usenofp.o(x$fpl$usenofp) for __I$use$fp
    daddsub_clz.o(x$fpl$dsub) refers to daddsub_clz.o(x$fpl$dadd) for _dadd1
    daddsub_clz.o(x$fpl$dsub) refers to dnaninf.o(x$fpl$dnaninf) for __fpl_dnaninf
    dnaninf.o(x$fpl$dnaninf) refers (Special) to usenofp.o(x$fpl$usenofp) for __I$use$fp
    dretinf.o(x$fpl$dretinf) refers (Special) to usenofp.o(x$fpl$usenofp) for __I$use$fp
    drleqf.o(x$fpl$drleqf) refers (Special) to usenofp.o(x$fpl$usenofp) for __I$use$fp
    drleqf.o(x$fpl$drleqf) refers to dleqf.o(x$fpl$dleqf) for __fpl_dcmple_InfNaN
    __rtentry2.o(.ARM.Collect$$rtentry$$00000008) refers to boardinit2.o(.text) for _platform_post_stackheap_init
    __rtentry2.o(.ARM.Collect$$rtentry$$0000000A) refers to libinit.o(.ARM.Collect$$libinit$$00000000) for __rt_lib_init
    __rtentry2.o(.ARM.Collect$$rtentry$$0000000B) refers to boardinit3.o(.text) for _platform_post_lib_init
    __rtentry2.o(.ARM.Collect$$rtentry$$0000000D) refers to feb12__01_i2c_master_send.o(i.main) for main
    __rtentry2.o(.ARM.Collect$$rtentry$$0000000D) refers to exit.o(.text) for exit
    __rtentry2.o(.ARM.exidx) refers to __rtentry2.o(.ARM.Collect$$rtentry$$00000001) for .ARM.Collect$$rtentry$$00000001
    __rtentry2.o(.ARM.exidx) refers to __rtentry2.o(.ARM.Collect$$rtentry$$00000008) for .ARM.Collect$$rtentry$$00000008
    __rtentry2.o(.ARM.exidx) refers to __rtentry2.o(.ARM.Collect$$rtentry$$0000000A) for .ARM.Collect$$rtentry$$0000000A
    __rtentry2.o(.ARM.exidx) refers to __rtentry2.o(.ARM.Collect$$rtentry$$0000000B) for .ARM.Collect$$rtentry$$0000000B
    __rtentry2.o(.ARM.exidx) refers to __rtentry2.o(.ARM.Collect$$rtentry$$0000000D) for .ARM.Collect$$rtentry$$0000000D
    __rtentry4.o(.ARM.Collect$$rtentry$$00000004) refers to sys_stackheap_outer.o(.text) for __user_setup_stackheap
    __rtentry4.o(.ARM.exidx) refers to __rtentry4.o(.ARM.Collect$$rtentry$$00000004) for .ARM.Collect$$rtentry$$00000004
    dleqf.o(x$fpl$dleqf) refers (Special) to usenofp.o(x$fpl$usenofp) for __I$use$fp
    dleqf.o(x$fpl$dleqf) refers to dnaninf.o(x$fpl$dnaninf) for __fpl_dnaninf
    dleqf.o(x$fpl$dleqf) refers to dcmpi.o(x$fpl$dcmpinf) for __fpl_dcmp_Inf
    sys_stackheap_outer.o(.text) refers to libspace.o(.text) for __user_perproc_libspace
    sys_stackheap_outer.o(.text) refers to startup_tm4c123.o(.text) for __user_initial_stackheap
    exit.o(.text) refers to rtexit.o(.ARM.Collect$$rtexit$$00000000) for __rt_exit
    libinit.o(.ARM.Collect$$libinit$$00000000) refers (Special) to libinit2.o(.ARM.Collect$$libinit$$0000002E) for __rt_lib_init_alloca_1
    libinit.o(.ARM.Collect$$libinit$$00000000) refers (Special) to libinit2.o(.ARM.Collect$$libinit$$0000002C) for __rt_lib_init_argv_1
    libinit.o(.ARM.Collect$$libinit$$00000000) refers (Special) to libinit2.o(.ARM.Collect$$libinit$$0000001B) for __rt_lib_init_atexit_1
    libinit.o(.ARM.Collect$$libinit$$00000000) refers (Special) to libinit2.o(.ARM.Collect$$libinit$$00000021) for __rt_lib_init_clock_1
    libinit.o(.ARM.Collect$$libinit$$00000000) refers (Special) to libinit2.o(.ARM.Collect$$libinit$$00000032) for __rt_lib_init_cpp_1
    libinit.o(.ARM.Collect$$libinit$$00000000) refers (Special) to libinit2.o(.ARM.Collect$$libinit$$00000030) for __rt_lib_init_exceptions_1
    libinit.o(.ARM.Collect$$libinit$$00000000) refers (Special) to libinit2.o(.ARM.Collect$$libinit$$00000001) for __rt_lib_init_fp_1
    libinit.o(.ARM.Collect$$libinit$$00000000) refers (Special) to libinit2.o(.ARM.Collect$$libinit$$0000001F) for __rt_lib_init_fp_trap_1
    libinit.o(.ARM.Collect$$libinit$$00000000) refers (Special) to libinit2.o(.ARM.Collect$$libinit$$00000023) for __rt_lib_init_getenv_1
    libinit.o(.ARM.Collect$$libinit$$00000000) refers (Special) to libinit2.o(.ARM.Collect$$libinit$$0000000A) for __rt_lib_init_heap_1
    libinit.o(.ARM.Collect$$libinit$$00000000) refers (Special) to libinit2.o(.ARM.Collect$$libinit$$00000011) for __rt_lib_init_lc_collate_1
    libinit.o(.ARM.Collect$$libinit$$00000000) refers (Special) to libinit2.o(.ARM.Collect$$libinit$$00000013) for __rt_lib_init_lc_ctype_1
    libinit.o(.ARM.Collect$$libinit$$00000000) refers (Special) to libinit2.o(.ARM.Collect$$libinit$$00000015) for __rt_lib_init_lc_monetary_1
    libinit.o(.ARM.Collect$$libinit$$00000000) refers (Special) to libinit2.o(.ARM.Collect$$libinit$$00000017) for __rt_lib_init_lc_numeric_1
    libinit.o(.ARM.Collect$$libinit$$00000000) refers (Special) to libinit2.o(.ARM.Collect$$libinit$$00000019) for __rt_lib_init_lc_time_1
    libinit.o(.ARM.Collect$$libinit$$00000000) refers (Special) to libinit2.o(.ARM.Collect$$libinit$$00000004) for __rt_lib_init_preinit_1
    libinit.o(.ARM.Collect$$libinit$$00000000) refers (Special) to libinit2.o(.ARM.Collect$$libinit$$0000000E) for __rt_lib_init_rand_1
    libinit.o(.ARM.Collect$$libinit$$00000000) refers (Special) to libinit2.o(.ARM.Collect$$libinit$$00000033) for __rt_lib_init_return
    libinit.o(.ARM.Collect$$libinit$$00000000) refers (Special) to libinit2.o(.ARM.Collect$$libinit$$0000001D) for __rt_lib_init_signal_1
    libinit.o(.ARM.Collect$$libinit$$00000000) refers (Special) to libinit2.o(.ARM.Collect$$libinit$$00000025) for __rt_lib_init_stdio_1
    libinit.o(.ARM.Collect$$libinit$$00000000) refers (Special) to libinit2.o(.ARM.Collect$$libinit$$0000000C) for __rt_lib_init_user_alloc_1
    dcmpi.o(x$fpl$dcmpinf) refers (Special) to usenofp.o(x$fpl$usenofp) for __I$use$fp
    libspace.o(.text) refers to libspace.o(.bss) for __libspace_start
    rtexit.o(.ARM.Collect$$rtexit$$00000000) refers (Special) to rtexit2.o(.ARM.Collect$$rtexit$$00000004) for __rt_exit_exit
    rtexit.o(.ARM.Collect$$rtexit$$00000000) refers (Special) to rtexit2.o(.ARM.Collect$$rtexit$$00000003) for __rt_exit_ls
    rtexit.o(.ARM.Collect$$rtexit$$00000000) refers (Special) to rtexit2.o(.ARM.Collect$$rtexit$$00000002) for __rt_exit_prels_1
    rtexit.o(.ARM.exidx) refers (Special) to rtexit2.o(.ARM.Collect$$rtexit$$00000004) for __rt_exit_exit
    rtexit.o(.ARM.exidx) refers (Special) to rtexit2.o(.ARM.Collect$$rtexit$$00000003) for __rt_exit_ls
    rtexit.o(.ARM.exidx) refers (Special) to rtexit2.o(.ARM.Collect$$rtexit$$00000002) for __rt_exit_prels_1
    rtexit.o(.ARM.exidx) refers to rtexit.o(.ARM.Collect$$rtexit$$00000000) for .ARM.Collect$$rtexit$$00000000
    libinit2.o(.ARM.Collect$$libinit$$00000001) refers to fpinit.o(x$fpl$fpinit) for _fp_init
    libinit2.o(.ARM.Collect$$libinit$$00000010) refers to libinit2.o(.ARM.Collect$$libinit$$0000000F) for .ARM.Collect$$libinit$$0000000F
    libinit2.o(.ARM.Collect$$libinit$$00000012) refers to libinit2.o(.ARM.Collect$$libinit$$0000000F) for .ARM.Collect$$libinit$$0000000F
    libinit2.o(.ARM.Collect$$libinit$$00000014) refers to libinit2.o(.ARM.Collect$$libinit$$0000000F) for .ARM.Collect$$libinit$$0000000F
    libinit2.o(.ARM.Collect$$libinit$$00000016) refers to libinit2.o(.ARM.Collect$$libinit$$0000000F) for .ARM.Collect$$libinit$$0000000F
    libinit2.o(.ARM.Collect$$libinit$$00000018) refers to libinit2.o(.ARM.Collect$$libinit$$0000000F) for .ARM.Collect$$libinit$$0000000F
    libinit2.o(.ARM.Collect$$libinit$$00000026) refers to argv_veneer.o(.emb_text) for __ARM_argv_veneer
    libinit2.o(.ARM.Collect$$libinit$$00000027) refers to argv_veneer.o(.emb_text) for __ARM_argv_veneer
    rtexit2.o(.ARM.Collect$$rtexit$$00000003) refers to libshutdown.o(.ARM.Collect$$libshutdown$$00000000) for __rt_lib_shutdown
    rtexit2.o(.ARM.Collect$$rtexit$$00000004) refers to sys_exit.o(.text) for _sys_exit
    rtexit2.o(.ARM.exidx) refers to rtexit2.o(.ARM.Collect$$rtexit$$00000001) for .ARM.Collect$$rtexit$$00000001
    rtexit2.o(.ARM.exidx) refers to rtexit2.o(.ARM.Collect$$rtexit$$00000003) for .ARM.Collect$$rtexit$$00000003
    rtexit2.o(.ARM.exidx) refers to rtexit2.o(.ARM.Collect$$rtexit$$00000004) for .ARM.Collect$$rtexit$$00000004
    argv_veneer.o(.emb_text) refers to no_argv.o(.text) for __ARM_get_argv
    sys_exit.o(.text) refers (Special) to use_no_semi.o(.text) for __I$use$semihosting
    sys_exit.o(.text) refers (Special) to indicate_semi.o(.text) for __semihosting_library_function
    _get_argv_nomalloc.o(.text) refers (Special) to hrguard.o(.text) for __heap_region$guard
    _get_argv_nomalloc.o(.text) refers to defsig_rtmem_outer.o(.text) for __rt_SIGRTMEM
    _get_argv_nomalloc.o(.text) refers to sys_command.o(.text) for _sys_command_string
    libshutdown.o(.ARM.Collect$$libshutdown$$00000000) refers (Special) to libshutdown2.o(.ARM.Collect$$libshutdown$$00000002) for __rt_lib_shutdown_cpp_1
    libshutdown.o(.ARM.Collect$$libshutdown$$00000000) refers (Special) to libshutdown2.o(.ARM.Collect$$libshutdown$$00000007) for __rt_lib_shutdown_fp_trap_1
    libshutdown.o(.ARM.Collect$$libshutdown$$00000000) refers (Special) to libshutdown2.o(.ARM.Collect$$libshutdown$$0000000F) for __rt_lib_shutdown_heap_1
    libshutdown.o(.ARM.Collect$$libshutdown$$00000000) refers (Special) to libshutdown2.o(.ARM.Collect$$libshutdown$$00000010) for __rt_lib_shutdown_return
    libshutdown.o(.ARM.Collect$$libshutdown$$00000000) refers (Special) to libshutdown2.o(.ARM.Collect$$libshutdown$$0000000A) for __rt_lib_shutdown_signal_1
    libshutdown.o(.ARM.Collect$$libshutdown$$00000000) refers (Special) to libshutdown2.o(.ARM.Collect$$libshutdown$$00000004) for __rt_lib_shutdown_stdio_1
    libshutdown.o(.ARM.Collect$$libshutdown$$00000000) refers (Special) to libshutdown2.o(.ARM.Collect$$libshutdown$$0000000C) for __rt_lib_shutdown_user_alloc_1
    sys_command.o(.text) refers (Special) to use_no_semi.o(.text) for __I$use$semihosting
    sys_command.o(.text) refers (Special) to indicate_semi.o(.text) for __semihosting_library_function
    defsig_rtmem_outer.o(.text) refers to defsig_rtmem_inner.o(.text) for __rt_SIGRTMEM_inner
    defsig_rtmem_outer.o(.text) refers to defsig_exit.o(.text) for __sig_exit
    defsig_rtmem_formal.o(.text) refers to rt_raise.o(.text) for __rt_raise
    rt_raise.o(.text) refers to __raise.o(.text) for __raise
    rt_raise.o(.text) refers to sys_exit.o(.text) for _sys_exit
    defsig_exit.o(.text) refers to sys_exit.o(.text) for _sys_exit
    defsig_rtmem_inner.o(.text) refers to defsig_general.o(.text) for __default_signal_display
    __raise.o(.text) refers to defsig.o(CL$$defsig) for __default_signal_handler
    defsig_general.o(.text) refers to sys_wrch.o(.text) for _ttywrch
    sys_wrch.o(.text) refers (Special) to use_no_semi.o(.text) for __I$use$semihosting
    sys_wrch.o(.text) refers (Special) to indicate_semi.o(.text) for __semihosting_library_function
    defsig.o(CL$$defsig) refers to defsig_rtmem_inner.o(.text) for __rt_SIGRTMEM_inner
    defsig_abrt_inner.o(.text) refers to defsig_general.o(.text) for __default_signal_display
    defsig_fpe_inner.o(.text) refers to defsig_general.o(.text) for __default_signal_display
    defsig_rtred_inner.o(.text) refers to defsig_general.o(.text) for __default_signal_display
    defsig_stak_inner.o(.text) refers to defsig_general.o(.text) for __default_signal_display
    defsig_pvfn_inner.o(.text) refers to defsig_general.o(.text) for __default_signal_display
    defsig_cppl_inner.o(.text) refers to defsig_general.o(.text) for __default_signal_display
    defsig_segv_inner.o(.text) refers to defsig_general.o(.text) for __default_signal_display
    defsig_other.o(.text) refers to defsig_general.o(.text) for __default_signal_display


==============================================================================

Removing Unused input sections from the image.

    Removing tm4c123xxgpio_driver.o(i.AnalogPin), (24 bytes).
    Removing tm4c123xxgpio_driver.o(i.GPIO_DeInit), (48 bytes).
    Removing tm4c123xxgpio_driver.o(i.InterruptPin), (168 bytes).
    Removing tm4c123xxgpio_driver.o(i.ReadFromPin), (42 bytes).
    Removing tm4c123xxgpio_driver.o(i.ReadFromPort), (22 bytes).
    Removing tm4c123xxgpio_driver.o(i.WriteToPin), (68 bytes).
    Removing tm4c123xxgpio_driver.o(i.WriteToPort), (22 bytes).
    Removing tm4c123xxgpio_driver.o(i.interruptpin), (196 bytes).
    Removing tm4c123xxssi_driver.o(i.SPIStart), (200 bytes).
    Removing tm4c123xxssi_driver.o(i.SSIClockControl), (164 bytes).
    Removing tm4c123xxssi_driver.o(i.SSIDeInit), (52 bytes).
    Removing tm4c123xxssi_driver.o(i.SSIGetAddress), (56 bytes).
    Removing tm4c123xxssi_driver.o(i.SSIInit), (480 bytes).
    Removing tm4c123xxssi_driver.o(i.SSIIntrRecv), (88 bytes).
    Removing tm4c123xxssi_driver.o(i.SSIIntrSend), (84 bytes).
    Removing tm4c123xxssi_driver.o(i.SSIRecv), (26 bytes).
    Removing tm4c123xxssi_driver.o(i.SSIRecvData), (128 bytes).
    Removing tm4c123xxssi_driver.o(i.SSIRecvWithIntr), (140 bytes).
    Removing tm4c123xxssi_driver.o(i.SSISend), (24 bytes).
    Removing tm4c123xxssi_driver.o(i.SSISendData), (128 bytes).
    Removing tm4c123xxssi_driver.o(i.SSISendWithIntr), (140 bytes).
    Removing tm4c123xxssi_driver.o(i.WaitWhileSSIControllerIsBusy), (14 bytes).
    Removing tm4c123xxssi_driver.o(.bss), (32 bytes).
    Removing tm4c123xxssi_driver.o(.data), (8 bytes).
    Removing tm4c123xxi2c_driver.o(i.I2CDeInit), (56 bytes).
    Removing tm4c123xxi2c_driver.o(i.I2CMasterRecvByte), (72 bytes).
    Removing tm4c123xxi2c_driver.o(i.I2CMasterRecvData), (106 bytes).
    Removing tm4c123xxi2c_driver.o(i.I2CMasterSendData), (148 bytes).
    Removing tm4c123xxi2c_driver.o(i.I2CSetSlaveAddress), (16 bytes).
    Removing tm4c123xxi2c_driver.o(i.I2CSlaveRecvByte), (34 bytes).
    Removing gpio_pins.o(i.ReadButtons), (56 bytes).
    Removing gpio_pins.o(i.UseButtons), (20 bytes).
    Removing gpio_pins.o(i.WhiteLEDoff), (22 bytes).
    Removing gpio_pins.o(i.WhiteLEDon), (26 bytes).
    Removing system_tm4c123.o(.rev16_text), (4 bytes).
    Removing system_tm4c123.o(.revsh_text), (4 bytes).
    Removing system_tm4c123.o(.rrx_text), (6 bytes).
    Removing system_tm4c123.o(i.SystemCoreClockUpdate), (196 bytes).
    Removing system_tm4c123.o(i.getOscClk), (244 bytes).
    Removing system_tm4c123.o(.data), (4 bytes).

40 unused section(s) (total 3368 bytes) removed from the image.

==============================================================================

Image Symbol Table

    Local Symbols

    Symbol Name                              Value     Ov Type        Size  Object(Section)

    RESET                                    0x00000000   Section      620  startup_tm4c123.o(RESET)
    ../clib/angel/boardlib.s                 0x00000000   Number         0  boardinit1.o ABSOLUTE
    ../clib/angel/boardlib.s                 0x00000000   Number         0  boardinit2.o ABSOLUTE
    ../clib/angel/boardlib.s                 0x00000000   Number         0  boardinit3.o ABSOLUTE
    ../clib/angel/boardlib.s                 0x00000000   Number         0  boardshut.o ABSOLUTE
    ../clib/angel/handlers.s                 0x00000000   Number         0  __scatter_zi.o ABSOLUTE
    ../clib/angel/handlers.s                 0x00000000   Number         0  __scatter_copy.o ABSOLUTE
    ../clib/angel/kernel.s                   0x00000000   Number         0  rtexit2.o ABSOLUTE
    ../clib/angel/kernel.s                   0x00000000   Number         0  rtexit.o ABSOLUTE
    ../clib/angel/kernel.s                   0x00000000   Number         0  __rtentry2.o ABSOLUTE
    ../clib/angel/kernel.s                   0x00000000   Number         0  __rtentry.o ABSOLUTE
    ../clib/angel/kernel.s                   0x00000000   Number         0  __rtentry4.o ABSOLUTE
    ../clib/angel/rt.s                       0x00000000   Number         0  rt_raise.o ABSOLUTE
    ../clib/angel/scatter.s                  0x00000000   Number         0  __scatter.o ABSOLUTE
    ../clib/angel/startup.s                  0x00000000   Number         0  __main.o ABSOLUTE
    ../clib/angel/sys.s                      0x00000000   Number         0  sys_stackheap_outer.o ABSOLUTE
    ../clib/angel/sys.s                      0x00000000   Number         0  use_no_semi.o ABSOLUTE
    ../clib/angel/sys.s                      0x00000000   Number         0  libspace.o ABSOLUTE
    ../clib/angel/sys.s                      0x00000000   Number         0  indicate_semi.o ABSOLUTE
    ../clib/angel/sysapp.c                   0x00000000   Number         0  sys_wrch.o ABSOLUTE
    ../clib/angel/sysapp.c                   0x00000000   Number         0  sys_command.o ABSOLUTE
    ../clib/angel/sysapp.c                   0x00000000   Number         0  sys_exit.o ABSOLUTE
    ../clib/armsys.c                         0x00000000   Number         0  argv_veneer.o ABSOLUTE
    ../clib/armsys.c                         0x00000000   Number         0  no_argv.o ABSOLUTE
    ../clib/armsys.c                         0x00000000   Number         0  _get_argv_nomalloc.o ABSOLUTE
    ../clib/armsys.c                         0x00000000   Number         0  argv_veneer.o ABSOLUTE
    ../clib/heapalloc.c                      0x00000000   Number         0  hrguard.o ABSOLUTE
    ../clib/heapaux.c                        0x00000000   Number         0  heapauxi.o ABSOLUTE
    ../clib/libinit.s                        0x00000000   Number         0  libinit.o ABSOLUTE
    ../clib/libinit.s                        0x00000000   Number         0  libinit2.o ABSOLUTE
    ../clib/libinit.s                        0x00000000   Number         0  libshutdown2.o ABSOLUTE
    ../clib/libinit.s                        0x00000000   Number         0  libshutdown.o ABSOLUTE
    ../clib/signal.c                         0x00000000   Number         0  defsig_fpe_inner.o ABSOLUTE
    ../clib/signal.c                         0x00000000   Number         0  defsig_rtmem_formal.o ABSOLUTE
    ../clib/signal.c                         0x00000000   Number         0  defsig_rtmem_outer.o ABSOLUTE
    ../clib/signal.c                         0x00000000   Number         0  defsig_rtmem_inner.o ABSOLUTE
    ../clib/signal.c                         0x00000000   Number         0  defsig_other.o ABSOLUTE
    ../clib/signal.c                         0x00000000   Number         0  defsig_segv_inner.o ABSOLUTE
    ../clib/signal.c                         0x00000000   Number         0  defsig_exit.o ABSOLUTE
    ../clib/signal.c                         0x00000000   Number         0  defsig_cppl_inner.o ABSOLUTE
    ../clib/signal.c                         0x00000000   Number         0  defsig_pvfn_inner.o ABSOLUTE
    ../clib/signal.c                         0x00000000   Number         0  defsig_stak_inner.o ABSOLUTE
    ../clib/signal.c                         0x00000000   Number         0  defsig_rtred_inner.o ABSOLUTE
    ../clib/signal.c                         0x00000000   Number         0  defsig_abrt_inner.o ABSOLUTE
    ../clib/signal.c                         0x00000000   Number         0  defsig_general.o ABSOLUTE
    ../clib/signal.c                         0x00000000   Number         0  __raise.o ABSOLUTE
    ../clib/signal.s                         0x00000000   Number         0  defsig.o ABSOLUTE
    ../clib/stdlib.c                         0x00000000   Number         0  exit.o ABSOLUTE
    ../fplib/daddsub.s                       0x00000000   Number         0  daddsub_clz.o ABSOLUTE
    ../fplib/dcmpi.s                         0x00000000   Number         0  dcmpi.o ABSOLUTE
    ../fplib/ddiv.s                          0x00000000   Number         0  ddiv.o ABSOLUTE
    ../fplib/dfixu.s                         0x00000000   Number         0  dfixu.o ABSOLUTE
    ../fplib/dflt.s                          0x00000000   Number         0  dflt_clz.o ABSOLUTE
    ../fplib/dleqf.s                         0x00000000   Number         0  dleqf.o ABSOLUTE
    ../fplib/dnaninf.s                       0x00000000   Number         0  dnaninf.o ABSOLUTE
    ../fplib/dretinf.s                       0x00000000   Number         0  dretinf.o ABSOLUTE
    ../fplib/drleqf.s                        0x00000000   Number         0  drleqf.o ABSOLUTE
    ../fplib/fpinit.s                        0x00000000   Number         0  fpinit.o ABSOLUTE
    ../fplib/usenofp.s                       0x00000000   Number         0  usenofp.o ABSOLUTE
    ../mathlib/ceil.c                        0x00000000   Number         0  ceil.o ABSOLUTE
    Feb12__01_i2c_master_send.c              0x00000000   Number         0  feb12__01_i2c_master_send.o ABSOLUTE
    GPIO_PINS.c                              0x00000000   Number         0  gpio_pins.o ABSOLUTE
    RTE\Device\TM4C123GH6PM\startup_TM4C123.s 0x00000000   Number         0  startup_tm4c123.o ABSOLUTE
    RTE\Device\TM4C123GH6PM\system_TM4C123.c 0x00000000   Number         0  system_tm4c123.o ABSOLUTE
    RTE\\Device\\TM4C123GH6PM\\system_TM4C123.c 0x00000000   Number         0  system_tm4c123.o ABSOLUTE
    TM4C123xxGPIO_DRIVER.c                   0x00000000   Number         0  tm4c123xxgpio_driver.o ABSOLUTE
    TM4C123xxI2C_DRIVER.c                    0x00000000   Number         0  tm4c123xxi2c_driver.o ABSOLUTE
    TM4C123xxSSI_DRIVER.c                    0x00000000   Number         0  tm4c123xxssi_driver.o ABSOLUTE
    dc.s                                     0x00000000   Number         0  dc.o ABSOLUTE
    !!!main                                  0x0000026c   Section        8  __main.o(!!!main)
    !!!scatter                               0x00000274   Section       52  __scatter.o(!!!scatter)
    !!handler_copy                           0x000002a8   Section       26  __scatter_copy.o(!!handler_copy)
    !!handler_zi                             0x000002c4   Section       28  __scatter_zi.o(!!handler_zi)
    .ARM.Collect$$libinit$$00000000          0x000002e0   Section        2  libinit.o(.ARM.Collect$$libinit$$00000000)
    .ARM.Collect$$libinit$$00000001          0x000002e2   Section        4  libinit2.o(.ARM.Collect$$libinit$$00000001)
    .ARM.Collect$$libinit$$00000004          0x000002e6   Section        0  libinit2.o(.ARM.Collect$$libinit$$00000004)
    .ARM.Collect$$libinit$$0000000A          0x000002e6   Section        0  libinit2.o(.ARM.Collect$$libinit$$0000000A)
    .ARM.Collect$$libinit$$0000000C          0x000002e6   Section        0  libinit2.o(.ARM.Collect$$libinit$$0000000C)
    .ARM.Collect$$libinit$$0000000E          0x000002e6   Section        0  libinit2.o(.ARM.Collect$$libinit$$0000000E)
    .ARM.Collect$$libinit$$00000011          0x000002e6   Section        0  libinit2.o(.ARM.Collect$$libinit$$00000011)
    .ARM.Collect$$libinit$$00000013          0x000002e6   Section        0  libinit2.o(.ARM.Collect$$libinit$$00000013)
    .ARM.Collect$$libinit$$00000015          0x000002e6   Section        0  libinit2.o(.ARM.Collect$$libinit$$00000015)
    .ARM.Collect$$libinit$$00000017          0x000002e6   Section        0  libinit2.o(.ARM.Collect$$libinit$$00000017)
    .ARM.Collect$$libinit$$00000019          0x000002e6   Section        0  libinit2.o(.ARM.Collect$$libinit$$00000019)
    .ARM.Collect$$libinit$$0000001B          0x000002e6   Section        0  libinit2.o(.ARM.Collect$$libinit$$0000001B)
    .ARM.Collect$$libinit$$0000001D          0x000002e6   Section        0  libinit2.o(.ARM.Collect$$libinit$$0000001D)
    .ARM.Collect$$libinit$$0000001F          0x000002e6   Section        0  libinit2.o(.ARM.Collect$$libinit$$0000001F)
    .ARM.Collect$$libinit$$00000021          0x000002e6   Section        0  libinit2.o(.ARM.Collect$$libinit$$00000021)
    .ARM.Collect$$libinit$$00000023          0x000002e6   Section        0  libinit2.o(.ARM.Collect$$libinit$$00000023)
    .ARM.Collect$$libinit$$00000025          0x000002e6   Section        0  libinit2.o(.ARM.Collect$$libinit$$00000025)
    .ARM.Collect$$libinit$$0000002C          0x000002e6   Section        0  libinit2.o(.ARM.Collect$$libinit$$0000002C)
    .ARM.Collect$$libinit$$0000002E          0x000002e6   Section        0  libinit2.o(.ARM.Collect$$libinit$$0000002E)
    .ARM.Collect$$libinit$$00000030          0x000002e6   Section        0  libinit2.o(.ARM.Collect$$libinit$$00000030)
    .ARM.Collect$$libinit$$00000032          0x000002e6   Section        0  libinit2.o(.ARM.Collect$$libinit$$00000032)
    .ARM.Collect$$libinit$$00000033          0x000002e6   Section        2  libinit2.o(.ARM.Collect$$libinit$$00000033)
    .ARM.Collect$$libshutdown$$00000000      0x000002e8   Section        2  libshutdown.o(.ARM.Collect$$libshutdown$$00000000)
    .ARM.Collect$$libshutdown$$00000002      0x000002ea   Section        0  libshutdown2.o(.ARM.Collect$$libshutdown$$00000002)
    .ARM.Collect$$libshutdown$$00000004      0x000002ea   Section        0  libshutdown2.o(.ARM.Collect$$libshutdown$$00000004)
    .ARM.Collect$$libshutdown$$00000007      0x000002ea   Section        0  libshutdown2.o(.ARM.Collect$$libshutdown$$00000007)
    .ARM.Collect$$libshutdown$$0000000A      0x000002ea   Section        0  libshutdown2.o(.ARM.Collect$$libshutdown$$0000000A)
    .ARM.Collect$$libshutdown$$0000000C      0x000002ea   Section        0  libshutdown2.o(.ARM.Collect$$libshutdown$$0000000C)
    .ARM.Collect$$libshutdown$$0000000F      0x000002ea   Section        0  libshutdown2.o(.ARM.Collect$$libshutdown$$0000000F)
    .ARM.Collect$$libshutdown$$00000010      0x000002ea   Section        2  libshutdown2.o(.ARM.Collect$$libshutdown$$00000010)
    .ARM.Collect$$rtentry$$00000000          0x000002ec   Section        0  __rtentry.o(.ARM.Collect$$rtentry$$00000000)
    .ARM.Collect$$rtentry$$00000002          0x000002ec   Section        0  __rtentry2.o(.ARM.Collect$$rtentry$$00000002)
    .ARM.Collect$$rtentry$$00000004          0x000002ec   Section        6  __rtentry4.o(.ARM.Collect$$rtentry$$00000004)
    .ARM.Collect$$rtentry$$00000009          0x000002f2   Section        0  __rtentry2.o(.ARM.Collect$$rtentry$$00000009)
    .ARM.Collect$$rtentry$$0000000A          0x000002f2   Section        4  __rtentry2.o(.ARM.Collect$$rtentry$$0000000A)
    .ARM.Collect$$rtentry$$0000000C          0x000002f6   Section        0  __rtentry2.o(.ARM.Collect$$rtentry$$0000000C)
    .ARM.Collect$$rtentry$$0000000D          0x000002f6   Section        8  __rtentry2.o(.ARM.Collect$$rtentry$$0000000D)
    .ARM.Collect$$rtexit$$00000000           0x000002fe   Section        2  rtexit.o(.ARM.Collect$$rtexit$$00000000)
    .ARM.Collect$$rtexit$$00000002           0x00000300   Section        0  rtexit2.o(.ARM.Collect$$rtexit$$00000002)
    .ARM.Collect$$rtexit$$00000003           0x00000300   Section        4  rtexit2.o(.ARM.Collect$$rtexit$$00000003)
    .ARM.Collect$$rtexit$$00000004           0x00000304   Section        6  rtexit2.o(.ARM.Collect$$rtexit$$00000004)
    .text                                    0x0000030c   Section      276  startup_tm4c123.o(.text)
    $v0                                      0x0000030c   Number         0  startup_tm4c123.o(.text)
    .text                                    0x00000420   Section        0  heapauxi.o(.text)
    .text                                    0x00000426   Section       74  sys_stackheap_outer.o(.text)
    .text                                    0x00000470   Section        0  exit.o(.text)
    .text                                    0x00000484   Section        8  libspace.o(.text)
    .text                                    0x0000048c   Section        0  sys_exit.o(.text)
    .text                                    0x00000498   Section        2  use_no_semi.o(.text)
    .text                                    0x0000049a   Section        0  indicate_semi.o(.text)
    i.DigitalPin                             0x0000049a   Section        0  tm4c123xxgpio_driver.o(i.DigitalPin)
    i.GPIO_ClockControl                      0x000004b4   Section        0  tm4c123xxgpio_driver.o(i.GPIO_ClockControl)
    i.GPIO_Init                              0x00000588   Section        0  tm4c123xxgpio_driver.o(i.GPIO_Init)
    i.GetSCLPin                              0x000007f2   Section        0  tm4c123xxi2c_driver.o(i.GetSCLPin)
    i.GetSDAPin                              0x0000081a   Section        0  tm4c123xxi2c_driver.o(i.GetSDAPin)
    i.I2CClockControl                        0x00000844   Section        0  tm4c123xxi2c_driver.o(i.I2CClockControl)
    i.I2CGetAddress                          0x000008f4   Section        0  tm4c123xxi2c_driver.o(i.I2CGetAddress)
    i.I2CInit                                0x0000092c   Section        0  tm4c123xxi2c_driver.o(i.I2CInit)
    i.I2CMasterSendByte                      0x00000b00   Section        0  tm4c123xxi2c_driver.o(i.I2CMasterSendByte)
    i.SystemInit                             0x00000b58   Section        0  system_tm4c123.o(i.SystemInit)
    i.ToggleGPIOPin                          0x00000bf0   Section        0  tm4c123xxgpio_driver.o(i.ToggleGPIOPin)
    i.TurnOff                                0x00000c14   Section        0  gpio_pins.o(i.TurnOff)
    i.TurnOn                                 0x00000c38   Section        0  gpio_pins.o(i.TurnOn)
    i.UseLEDs                                0x00000c5c   Section        0  gpio_pins.o(i.UseLEDs)
    i.WaitWhileI2CisBusy                     0x00000c78   Section        0  tm4c123xxi2c_driver.o(i.WaitWhileI2CisBusy)
    i.blink                                  0x00000c92   Section        0  gpio_pins.o(i.blink)
    i.delay                                  0x00000cac   Section        0  feb12__01_i2c_master_send.o(i.delay)
    i.delay_for_blink                        0x00000cc0   Section        0  gpio_pins.o(i.delay_for_blink)
    delay_for_blink                          0x00000cc1   Thumb Code    14  gpio_pins.o(i.delay_for_blink)
    i.getPinNumber                           0x00000cd4   Section        0  gpio_pins.o(i.getPinNumber)
    i.getPortAddr                            0x00000d94   Section        0  gpio_pins.o(i.getPortAddr)
    i.getPortName                            0x00000ec4   Section        0  gpio_pins.o(i.getPortName)
    i.main                                   0x00000f84   Section        0  feb12__01_i2c_master_send.o(i.main)
    x$fpl$fpinit                             0x00000fe4   Section       10  fpinit.o(x$fpl$fpinit)
    $v0                                      0x00000fe4   Number         0  fpinit.o(x$fpl$fpinit)
    .data                                    0x20000000   Section        4  tm4c123xxi2c_driver.o(.data)
    .bss                                     0x20000004   Section       96  libspace.o(.bss)
    HEAP                                     0x20000068   Section        0  startup_tm4c123.o(HEAP)
    STACK                                    0x20000068   Section      512  startup_tm4c123.o(STACK)
    Heap_Mem                                 0x20000068   Data           0  startup_tm4c123.o(HEAP)
    Stack_Mem                                0x20000068   Data         512  startup_tm4c123.o(STACK)
    __initial_sp                             0x20000268   Data           0  startup_tm4c123.o(STACK)

    Global Symbols

    Symbol Name                              Value     Ov Type        Size  Object(Section)

    BuildAttributes$$THM_ISAv4$E$P$D$K$B$S$7EM$VFPi3$EXTD16$VFPS$VFMA$PE$A:L22UL41UL21$X:L11$S22US41US21$IEEE1$IW$USESV6$~STKCKD$USESV7$~SHL$OTIME$ROPI$IEEEJ$EBA8$UX$STANDARDLIB$REQ8$PRES8$EABIv2 0x00000000   Number         0  anon$$obj.o ABSOLUTE
    __ARM_use_no_argv                        0x00000000   Number         0  feb12__01_i2c_master_send.o ABSOLUTE
    __Vectors                                0x00000000   Data           4  startup_tm4c123.o(RESET)
    __ARM_exceptions_init                     - Undefined Weak Reference
    __alloca_initialize                       - Undefined Weak Reference
    __arm_preinit_                            - Undefined Weak Reference
    __cpp_initialize__aeabi_                  - Undefined Weak Reference
    __cxa_finalize                            - Undefined Weak Reference
    __rt_locale                               - Undefined Weak Reference
    __sigvec_lookup                           - Undefined Weak Reference
    _atexit_init                              - Undefined Weak Reference
    _call_atexit_fns                          - Undefined Weak Reference
    _clock_init                               - Undefined Weak Reference
    _fp_trap_init                             - Undefined Weak Reference
    _fp_trap_shutdown                         - Undefined Weak Reference
    _get_lc_collate                           - Undefined Weak Reference
    _get_lc_ctype                             - Undefined Weak Reference
    _get_lc_monetary                          - Undefined Weak Reference
    _get_lc_numeric                           - Undefined Weak Reference
    _get_lc_time                              - Undefined Weak Reference
    _getenv_init                              - Undefined Weak Reference
    _handle_redirection                       - Undefined Weak Reference
    _init_alloc                               - Undefined Weak Reference
    _init_user_alloc                          - Undefined Weak Reference
    _initio                                   - Undefined Weak Reference
    _rand_init                                - Undefined Weak Reference
    _signal_finish                            - Undefined Weak Reference
    _signal_init                              - Undefined Weak Reference
    _terminate_alloc                          - Undefined Weak Reference
    _terminate_user_alloc                     - Undefined Weak Reference
    _terminateio                              - Undefined Weak Reference
    __Vectors_End                            0x0000026c   Data           0  startup_tm4c123.o(RESET)
    __Vectors_Size                           0x0000026c   Number         0  startup_tm4c123.o ABSOLUTE
    __main                                   0x0000026d   Thumb Code     8  __main.o(!!!main)
    __scatterload                            0x00000275   Thumb Code     0  __scatter.o(!!!scatter)
    __scatterload_rt2                        0x00000275   Thumb Code    44  __scatter.o(!!!scatter)
    __scatterload_rt2_thumb_only             0x00000275   Thumb Code     0  __scatter.o(!!!scatter)
    __scatterload_null                       0x00000283   Thumb Code     0  __scatter.o(!!!scatter)
    __scatterload_copy                       0x000002a9   Thumb Code    26  __scatter_copy.o(!!handler_copy)
    __scatterload_zeroinit                   0x000002c5   Thumb Code    28  __scatter_zi.o(!!handler_zi)
    __rt_lib_init                            0x000002e1   Thumb Code     0  libinit.o(.ARM.Collect$$libinit$$00000000)
    __rt_lib_init_fp_1                       0x000002e3   Thumb Code     0  libinit2.o(.ARM.Collect$$libinit$$00000001)
    __rt_lib_init_alloca_1                   0x000002e7   Thumb Code     0  libinit2.o(.ARM.Collect$$libinit$$0000002E)
    __rt_lib_init_argv_1                     0x000002e7   Thumb Code     0  libinit2.o(.ARM.Collect$$libinit$$0000002C)
    __rt_lib_init_atexit_1                   0x000002e7   Thumb Code     0  libinit2.o(.ARM.Collect$$libinit$$0000001B)
    __rt_lib_init_clock_1                    0x000002e7   Thumb Code     0  libinit2.o(.ARM.Collect$$libinit$$00000021)
    __rt_lib_init_cpp_1                      0x000002e7   Thumb Code     0  libinit2.o(.ARM.Collect$$libinit$$00000032)
    __rt_lib_init_exceptions_1               0x000002e7   Thumb Code     0  libinit2.o(.ARM.Collect$$libinit$$00000030)
    __rt_lib_init_fp_trap_1                  0x000002e7   Thumb Code     0  libinit2.o(.ARM.Collect$$libinit$$0000001F)
    __rt_lib_init_getenv_1                   0x000002e7   Thumb Code     0  libinit2.o(.ARM.Collect$$libinit$$00000023)
    __rt_lib_init_heap_1                     0x000002e7   Thumb Code     0  libinit2.o(.ARM.Collect$$libinit$$0000000A)
    __rt_lib_init_lc_collate_1               0x000002e7   Thumb Code     0  libinit2.o(.ARM.Collect$$libinit$$00000011)
    __rt_lib_init_lc_ctype_1                 0x000002e7   Thumb Code     0  libinit2.o(.ARM.Collect$$libinit$$00000013)
    __rt_lib_init_lc_monetary_1              0x000002e7   Thumb Code     0  libinit2.o(.ARM.Collect$$libinit$$00000015)
    __rt_lib_init_lc_numeric_1               0x000002e7   Thumb Code     0  libinit2.o(.ARM.Collect$$libinit$$00000017)
    __rt_lib_init_lc_time_1                  0x000002e7   Thumb Code     0  libinit2.o(.ARM.Collect$$libinit$$00000019)
    __rt_lib_init_preinit_1                  0x000002e7   Thumb Code     0  libinit2.o(.ARM.Collect$$libinit$$00000004)
    __rt_lib_init_rand_1                     0x000002e7   Thumb Code     0  libinit2.o(.ARM.Collect$$libinit$$0000000E)
    __rt_lib_init_return                     0x000002e7   Thumb Code     0  libinit2.o(.ARM.Collect$$libinit$$00000033)
    __rt_lib_init_signal_1                   0x000002e7   Thumb Code     0  libinit2.o(.ARM.Collect$$libinit$$0000001D)
    __rt_lib_init_stdio_1                    0x000002e7   Thumb Code     0  libinit2.o(.ARM.Collect$$libinit$$00000025)
    __rt_lib_init_user_alloc_1               0x000002e7   Thumb Code     0  libinit2.o(.ARM.Collect$$libinit$$0000000C)
    __rt_lib_shutdown                        0x000002e9   Thumb Code     0  libshutdown.o(.ARM.Collect$$libshutdown$$00000000)
    __rt_lib_shutdown_cpp_1                  0x000002eb   Thumb Code     0  libshutdown2.o(.ARM.Collect$$libshutdown$$00000002)
    __rt_lib_shutdown_fp_trap_1              0x000002eb   Thumb Code     0  libshutdown2.o(.ARM.Collect$$libshutdown$$00000007)
    __rt_lib_shutdown_heap_1                 0x000002eb   Thumb Code     0  libshutdown2.o(.ARM.Collect$$libshutdown$$0000000F)
    __rt_lib_shutdown_return                 0x000002eb   Thumb Code     0  libshutdown2.o(.ARM.Collect$$libshutdown$$00000010)
    __rt_lib_shutdown_signal_1               0x000002eb   Thumb Code     0  libshutdown2.o(.ARM.Collect$$libshutdown$$0000000A)
    __rt_lib_shutdown_stdio_1                0x000002eb   Thumb Code     0  libshutdown2.o(.ARM.Collect$$libshutdown$$00000004)
    __rt_lib_shutdown_user_alloc_1           0x000002eb   Thumb Code     0  libshutdown2.o(.ARM.Collect$$libshutdown$$0000000C)
    __rt_entry                               0x000002ed   Thumb Code     0  __rtentry.o(.ARM.Collect$$rtentry$$00000000)
    __rt_entry_presh_1                       0x000002ed   Thumb Code     0  __rtentry2.o(.ARM.Collect$$rtentry$$00000002)
    __rt_entry_sh                            0x000002ed   Thumb Code     0  __rtentry4.o(.ARM.Collect$$rtentry$$00000004)
    __rt_entry_li                            0x000002f3   Thumb Code     0  __rtentry2.o(.ARM.Collect$$rtentry$$0000000A)
    __rt_entry_postsh_1                      0x000002f3   Thumb Code     0  __rtentry2.o(.ARM.Collect$$rtentry$$00000009)
    __rt_entry_main                          0x000002f7   Thumb Code     0  __rtentry2.o(.ARM.Collect$$rtentry$$0000000D)
    __rt_entry_postli_1                      0x000002f7   Thumb Code     0  __rtentry2.o(.ARM.Collect$$rtentry$$0000000C)
    __rt_exit                                0x000002ff   Thumb Code     0  rtexit.o(.ARM.Collect$$rtexit$$00000000)
    __rt_exit_ls                             0x00000301   Thumb Code     0  rtexit2.o(.ARM.Collect$$rtexit$$00000003)
    __rt_exit_prels_1                        0x00000301   Thumb Code     0  rtexit2.o(.ARM.Collect$$rtexit$$00000002)
    __rt_exit_exit                           0x00000305   Thumb Code     0  rtexit2.o(.ARM.Collect$$rtexit$$00000004)
    Reset_Handler                            0x0000030d   Thumb Code     8  startup_tm4c123.o(.text)
    NMI_Handler                              0x00000315   Thumb Code     2  startup_tm4c123.o(.text)
    HardFault_Handler                        0x00000317   Thumb Code     2  startup_tm4c123.o(.text)
    MemManage_Handler                        0x00000319   Thumb Code     2  startup_tm4c123.o(.text)
    BusFault_Handler                         0x0000031b   Thumb Code     2  startup_tm4c123.o(.text)
    UsageFault_Handler                       0x0000031d   Thumb Code     2  startup_tm4c123.o(.text)
    SVC_Handler                              0x0000031f   Thumb Code     2  startup_tm4c123.o(.text)
    DebugMon_Handler                         0x00000321   Thumb Code     2  startup_tm4c123.o(.text)
    PendSV_Handler                           0x00000323   Thumb Code     2  startup_tm4c123.o(.text)
    SysTick_Handler                          0x00000325   Thumb Code     2  startup_tm4c123.o(.text)
    GPIOA_Handler                            0x00000327   Thumb Code     2  startup_tm4c123.o(.text)
    GPIOB_Handler                            0x00000329   Thumb Code     2  startup_tm4c123.o(.text)
    GPIOC_Handler                            0x0000032b   Thumb Code     2  startup_tm4c123.o(.text)
    GPIOD_Handler                            0x0000032d   Thumb Code     2  startup_tm4c123.o(.text)
    GPIOE_Handler                            0x0000032f   Thumb Code     2  startup_tm4c123.o(.text)
    UART0_Handler                            0x00000331   Thumb Code     2  startup_tm4c123.o(.text)
    UART1_Handler                            0x00000333   Thumb Code     2  startup_tm4c123.o(.text)
    SSI0_Handler                             0x00000335   Thumb Code     2  startup_tm4c123.o(.text)
    I2C0_Handler                             0x00000337   Thumb Code     2  startup_tm4c123.o(.text)
    PMW0_FAULT_Handler                       0x00000339   Thumb Code     2  startup_tm4c123.o(.text)
    PWM0_0_Handler                           0x0000033b   Thumb Code     2  startup_tm4c123.o(.text)
    PWM0_1_Handler                           0x0000033d   Thumb Code     2  startup_tm4c123.o(.text)
    PWM0_2_Handler                           0x0000033f   Thumb Code     2  startup_tm4c123.o(.text)
    QEI0_Handler                             0x00000341   Thumb Code     2  startup_tm4c123.o(.text)
    ADC0SS0_Handler                          0x00000343   Thumb Code     2  startup_tm4c123.o(.text)
    ADC0SS1_Handler                          0x00000345   Thumb Code     2  startup_tm4c123.o(.text)
    ADC0SS2_Handler                          0x00000347   Thumb Code     2  startup_tm4c123.o(.text)
    ADC0SS3_Handler                          0x00000349   Thumb Code     2  startup_tm4c123.o(.text)
    WDT0_Handler                             0x0000034b   Thumb Code     2  startup_tm4c123.o(.text)
    TIMER0A_Handler                          0x0000034d   Thumb Code     2  startup_tm4c123.o(.text)
    TIMER0B_Handler                          0x0000034f   Thumb Code     2  startup_tm4c123.o(.text)
    TIMER1A_Handler                          0x00000351   Thumb Code     2  startup_tm4c123.o(.text)
    TIMER1B_Handler                          0x00000353   Thumb Code     2  startup_tm4c123.o(.text)
    TIMER2A_Handler                          0x00000355   Thumb Code     2  startup_tm4c123.o(.text)
    TIMER2B_Handler                          0x00000357   Thumb Code     2  startup_tm4c123.o(.text)
    COMP0_Handler                            0x00000359   Thumb Code     2  startup_tm4c123.o(.text)
    COMP1_Handler                            0x0000035b   Thumb Code     2  startup_tm4c123.o(.text)
    COMP2_Handler                            0x0000035d   Thumb Code     2  startup_tm4c123.o(.text)
    SYSCTL_Handler                           0x0000035f   Thumb Code     2  startup_tm4c123.o(.text)
    FLASH_Handler                            0x00000361   Thumb Code     2  startup_tm4c123.o(.text)
    GPIOF_Handler                            0x00000363   Thumb Code     2  startup_tm4c123.o(.text)
    GPIOG_Handler                            0x00000365   Thumb Code     2  startup_tm4c123.o(.text)
    GPIOH_Handler                            0x00000367   Thumb Code     2  startup_tm4c123.o(.text)
    UART2_Handler                            0x00000369   Thumb Code     2  startup_tm4c123.o(.text)
    SSI1_Handler                             0x0000036b   Thumb Code     2  startup_tm4c123.o(.text)
    TIMER3A_Handler                          0x0000036d   Thumb Code     2  startup_tm4c123.o(.text)
    TIMER3B_Handler                          0x0000036f   Thumb Code     2  startup_tm4c123.o(.text)
    I2C1_Handler                             0x00000371   Thumb Code     2  startup_tm4c123.o(.text)
    QEI1_Handler                             0x00000373   Thumb Code     2  startup_tm4c123.o(.text)
    CAN0_Handler                             0x00000375   Thumb Code     2  startup_tm4c123.o(.text)
    CAN1_Handler                             0x00000377   Thumb Code     2  startup_tm4c123.o(.text)
    CAN2_Handler                             0x00000379   Thumb Code     2  startup_tm4c123.o(.text)
    HIB_Handler                              0x0000037b   Thumb Code     2  startup_tm4c123.o(.text)
    USB0_Handler                             0x0000037d   Thumb Code     2  startup_tm4c123.o(.text)
    PWM0_3_Handler                           0x0000037f   Thumb Code     2  startup_tm4c123.o(.text)
    UDMA_Handler                             0x00000381   Thumb Code     2  startup_tm4c123.o(.text)
    UDMAERR_Handler                          0x00000383   Thumb Code     2  startup_tm4c123.o(.text)
    ADC1SS0_Handler                          0x00000385   Thumb Code     2  startup_tm4c123.o(.text)
    ADC1SS1_Handler                          0x00000387   Thumb Code     2  startup_tm4c123.o(.text)
    ADC1SS2_Handler                          0x00000389   Thumb Code     2  startup_tm4c123.o(.text)
    ADC1SS3_Handler                          0x0000038b   Thumb Code     2  startup_tm4c123.o(.text)
    GPIOJ_Handler                            0x0000038d   Thumb Code     2  startup_tm4c123.o(.text)
    GPIOK_Handler                            0x0000038f   Thumb Code     2  startup_tm4c123.o(.text)
    GPIOL_Handler                            0x00000391   Thumb Code     2  startup_tm4c123.o(.text)
    SSI2_Handler                             0x00000393   Thumb Code     2  startup_tm4c123.o(.text)
    SSI3_Handler                             0x00000395   Thumb Code     2  startup_tm4c123.o(.text)
    UART3_Handler                            0x00000397   Thumb Code     2  startup_tm4c123.o(.text)
    UART4_Handler                            0x00000399   Thumb Code     2  startup_tm4c123.o(.text)
    UART5_Handler                            0x0000039b   Thumb Code     2  startup_tm4c123.o(.text)
    UART6_Handler                            0x0000039d   Thumb Code     2  startup_tm4c123.o(.text)
    UART7_Handler                            0x0000039f   Thumb Code     2  startup_tm4c123.o(.text)
    I2C2_Handler                             0x000003a1   Thumb Code     2  startup_tm4c123.o(.text)
    I2C3_Handler                             0x000003a3   Thumb Code     2  startup_tm4c123.o(.text)
    TIMER4A_Handler                          0x000003a5   Thumb Code     2  startup_tm4c123.o(.text)
    TIMER4B_Handler                          0x000003a7   Thumb Code     2  startup_tm4c123.o(.text)
    TIMER5A_Handler                          0x000003a9   Thumb Code     2  startup_tm4c123.o(.text)
    TIMER5B_Handler                          0x000003ab   Thumb Code     2  startup_tm4c123.o(.text)
    WTIMER0A_Handler                         0x000003ad   Thumb Code     2  startup_tm4c123.o(.text)
    WTIMER0B_Handler                         0x000003af   Thumb Code     2  startup_tm4c123.o(.text)
    WTIMER1A_Handler                         0x000003b1   Thumb Code     2  startup_tm4c123.o(.text)
    WTIMER1B_Handler                         0x000003b3   Thumb Code     2  startup_tm4c123.o(.text)
    WTIMER2A_Handler                         0x000003b5   Thumb Code     2  startup_tm4c123.o(.text)
    WTIMER2B_Handler                         0x000003b7   Thumb Code     2  startup_tm4c123.o(.text)
    WTIMER3A_Handler                         0x000003b9   Thumb Code     2  startup_tm4c123.o(.text)
    WTIMER3B_Handler                         0x000003bb   Thumb Code     2  startup_tm4c123.o(.text)
    WTIMER4A_Handler                         0x000003bd   Thumb Code     2  startup_tm4c123.o(.text)
    WTIMER4B_Handler                         0x000003bf   Thumb Code     2  startup_tm4c123.o(.text)
    WTIMER5A_Handler                         0x000003c1   Thumb Code     2  startup_tm4c123.o(.text)
    WTIMER5B_Handler                         0x000003c3   Thumb Code     2  startup_tm4c123.o(.text)
    FPU_Handler                              0x000003c5   Thumb Code     2  startup_tm4c123.o(.text)
    I2C4_Handler                             0x000003c7   Thumb Code     2  startup_tm4c123.o(.text)
    I2C5_Handler                             0x000003c9   Thumb Code     2  startup_tm4c123.o(.text)
    GPIOM_Handler                            0x000003cb   Thumb Code     2  startup_tm4c123.o(.text)
    GPION_Handler                            0x000003cd   Thumb Code     2  startup_tm4c123.o(.text)
    QEI2_Handler                             0x000003cf   Thumb Code     2  startup_tm4c123.o(.text)
    GPIOP0_Handler                           0x000003d1   Thumb Code     2  startup_tm4c123.o(.text)
    GPIOP1_Handler                           0x000003d3   Thumb Code     2  startup_tm4c123.o(.text)
    GPIOP2_Handler                           0x000003d5   Thumb Code     2  startup_tm4c123.o(.text)
    GPIOP3_Handler                           0x000003d7   Thumb Code     2  startup_tm4c123.o(.text)
    GPIOP4_Handler                           0x000003d9   Thumb Code     2  startup_tm4c123.o(.text)
    GPIOP5_Handler                           0x000003db   Thumb Code     2  startup_tm4c123.o(.text)
    GPIOP6_Handler                           0x000003dd   Thumb Code     2  startup_tm4c123.o(.text)
    GPIOP7_Handler                           0x000003df   Thumb Code     2  startup_tm4c123.o(.text)
    GPIOQ0_Handler                           0x000003e1   Thumb Code     2  startup_tm4c123.o(.text)
    GPIOQ1_Handler                           0x000003e3   Thumb Code     2  startup_tm4c123.o(.text)
    GPIOQ2_Handler                           0x000003e5   Thumb Code     2  startup_tm4c123.o(.text)
    GPIOQ3_Handler                           0x000003e7   Thumb Code     2  startup_tm4c123.o(.text)
    GPIOQ4_Handler                           0x000003e9   Thumb Code     2  startup_tm4c123.o(.text)
    GPIOQ5_Handler                           0x000003eb   Thumb Code     2  startup_tm4c123.o(.text)
    GPIOQ6_Handler                           0x000003ed   Thumb Code     2  startup_tm4c123.o(.text)
    GPIOQ7_Handler                           0x000003ef   Thumb Code     2  startup_tm4c123.o(.text)
    GPIOR_Handler                            0x000003f1   Thumb Code     2  startup_tm4c123.o(.text)
    GPIOS_Handler                            0x000003f3   Thumb Code     2  startup_tm4c123.o(.text)
    PMW1_0_Handler                           0x000003f5   Thumb Code     2  startup_tm4c123.o(.text)
    PWM1_1_Handler                           0x000003f7   Thumb Code     2  startup_tm4c123.o(.text)
    PWM1_2_Handler                           0x000003f9   Thumb Code     2  startup_tm4c123.o(.text)
    PWM1_3_Handler                           0x000003fb   Thumb Code     2  startup_tm4c123.o(.text)
    PWM1_FAULT_Handler                       0x000003fd   Thumb Code     2  startup_tm4c123.o(.text)
    __user_initial_stackheap                 0x00000401   Thumb Code     0  startup_tm4c123.o(.text)
    __use_two_region_memory                  0x00000421   Thumb Code     2  heapauxi.o(.text)
    __rt_heap_escrow$2region                 0x00000423   Thumb Code     2  heapauxi.o(.text)
    __rt_heap_expand$2region                 0x00000425   Thumb Code     2  heapauxi.o(.text)
    __user_setup_stackheap                   0x00000427   Thumb Code    74  sys_stackheap_outer.o(.text)
    exit                                     0x00000471   Thumb Code    18  exit.o(.text)
    __user_libspace                          0x00000485   Thumb Code     8  libspace.o(.text)
    __user_perproc_libspace                  0x00000485   Thumb Code     0  libspace.o(.text)
    __user_perthread_libspace                0x00000485   Thumb Code     0  libspace.o(.text)
    _sys_exit                                0x0000048d   Thumb Code     8  sys_exit.o(.text)
    __I$use$semihosting                      0x00000499   Thumb Code     0  use_no_semi.o(.text)
    __use_no_semihosting_swi                 0x00000499   Thumb Code     2  use_no_semi.o(.text)
    DigitalPin                               0x0000049b   Thumb Code    24  tm4c123xxgpio_driver.o(i.DigitalPin)
    __semihosting_library_function           0x0000049b   Thumb Code     0  indicate_semi.o(.text)
    GPIO_ClockControl                        0x000004b5   Thumb Code   208  tm4c123xxgpio_driver.o(i.GPIO_ClockControl)
    GPIO_Init                                0x00000589   Thumb Code   618  tm4c123xxgpio_driver.o(i.GPIO_Init)
    GetSCLPin                                0x000007f3   Thumb Code    40  tm4c123xxi2c_driver.o(i.GetSCLPin)
    GetSDAPin                                0x0000081b   Thumb Code    40  tm4c123xxi2c_driver.o(i.GetSDAPin)
    I2CClockControl                          0x00000845   Thumb Code   170  tm4c123xxi2c_driver.o(i.I2CClockControl)
    I2CGetAddress                            0x000008f5   Thumb Code    40  tm4c123xxi2c_driver.o(i.I2CGetAddress)
    I2CInit                                  0x0000092d   Thumb Code   460  tm4c123xxi2c_driver.o(i.I2CInit)
    I2CMasterSendByte                        0x00000b01   Thumb Code    86  tm4c123xxi2c_driver.o(i.I2CMasterSendByte)
    SystemInit                               0x00000b59   Thumb Code   112  system_tm4c123.o(i.SystemInit)
    ToggleGPIOPin                            0x00000bf1   Thumb Code    36  tm4c123xxgpio_driver.o(i.ToggleGPIOPin)
    TurnOff                                  0x00000c15   Thumb Code    36  gpio_pins.o(i.TurnOff)
    TurnOn                                   0x00000c39   Thumb Code    36  gpio_pins.o(i.TurnOn)
    UseLEDs                                  0x00000c5d   Thumb Code    28  gpio_pins.o(i.UseLEDs)
    WaitWhileI2CisBusy                       0x00000c79   Thumb Code    26  tm4c123xxi2c_driver.o(i.WaitWhileI2CisBusy)
    blink                                    0x00000c93   Thumb Code    26  gpio_pins.o(i.blink)
    delay                                    0x00000cad   Thumb Code    14  feb12__01_i2c_master_send.o(i.delay)
    getPinNumber                             0x00000cd5   Thumb Code   190  gpio_pins.o(i.getPinNumber)
    getPortAddr                              0x00000d95   Thumb Code   258  gpio_pins.o(i.getPortAddr)
    getPortName                              0x00000ec5   Thumb Code   190  gpio_pins.o(i.getPortName)
    main                                     0x00000f85   Thumb Code    92  feb12__01_i2c_master_send.o(i.main)
    _fp_init                                 0x00000fe5   Thumb Code    10  fpinit.o(x$fpl$fpinit)
    __fplib_config_fpu_vfp                   0x00000fed   Thumb Code     0  fpinit.o(x$fpl$fpinit)
    __fplib_config_pureend_doubles           0x00000fed   Thumb Code     0  fpinit.o(x$fpl$fpinit)
    Region$$Table$$Base                      0x00000ff0   Number         0  anon$$obj.o(Region$$Table)
    Region$$Table$$Limit                     0x00001010   Number         0  anon$$obj.o(Region$$Table)
    I2CDeviceAddress                         0x20000000   Data           4  tm4c123xxi2c_driver.o(.data)
    __libspace_start                         0x20000004   Data          96  libspace.o(.bss)
    __temporary_stack_top$libspace           0x20000064   Data           0  libspace.o(.bss)



==============================================================================

Memory Map of the image

  Image Entry point : 0x0000030d

  Load Region LR_1 (Base: 0x00000000, Size: 0x00001014, Max: 0xffffffff, ABSOLUTE)

    Execution Region ER_RO (Exec base: 0x00000000, Load base: 0x00000000, Size: 0x00001010, Max: 0xffffffff, ABSOLUTE)

    Exec Addr    Load Addr    Size         Type   Attr      Idx    E Section Name        Object

    0x00000000   0x00000000   0x0000026c   Data   RO          392    RESET               startup_tm4c123.o
    0x0000026c   0x0000026c   0x00000008   Code   RO          465  * !!!main             c_w.l(__main.o)
    0x00000274   0x00000274   0x00000034   Code   RO          659    !!!scatter          c_w.l(__scatter.o)
    0x000002a8   0x000002a8   0x0000001a   Code   RO          661    !!handler_copy      c_w.l(__scatter_copy.o)
    0x000002c2   0x000002c2   0x00000002   PAD
    0x000002c4   0x000002c4   0x0000001c   Code   RO          663    !!handler_zi        c_w.l(__scatter_zi.o)
    0x000002e0   0x000002e0   0x00000002   Code   RO          527    .ARM.Collect$$libinit$$00000000  c_w.l(libinit.o)
    0x000002e2   0x000002e2   0x00000004   Code   RO          535    .ARM.Collect$$libinit$$00000001  c_w.l(libinit2.o)
    0x000002e6   0x000002e6   0x00000000   Code   RO          538    .ARM.Collect$$libinit$$00000004  c_w.l(libinit2.o)
    0x000002e6   0x000002e6   0x00000000   Code   RO          541    .ARM.Collect$$libinit$$0000000A  c_w.l(libinit2.o)
    0x000002e6   0x000002e6   0x00000000   Code   RO          543    .ARM.Collect$$libinit$$0000000C  c_w.l(libinit2.o)
    0x000002e6   0x000002e6   0x00000000   Code   RO          545    .ARM.Collect$$libinit$$0000000E  c_w.l(libinit2.o)
    0x000002e6   0x000002e6   0x00000000   Code   RO          548    .ARM.Collect$$libinit$$00000011  c_w.l(libinit2.o)
    0x000002e6   0x000002e6   0x00000000   Code   RO          550    .ARM.Collect$$libinit$$00000013  c_w.l(libinit2.o)
    0x000002e6   0x000002e6   0x00000000   Code   RO          552    .ARM.Collect$$libinit$$00000015  c_w.l(libinit2.o)
    0x000002e6   0x000002e6   0x00000000   Code   RO          554    .ARM.Collect$$libinit$$00000017  c_w.l(libinit2.o)
    0x000002e6   0x000002e6   0x00000000   Code   RO          556    .ARM.Collect$$libinit$$00000019  c_w.l(libinit2.o)
    0x000002e6   0x000002e6   0x00000000   Code   RO          558    .ARM.Collect$$libinit$$0000001B  c_w.l(libinit2.o)
    0x000002e6   0x000002e6   0x00000000   Code   RO          560    .ARM.Collect$$libinit$$0000001D  c_w.l(libinit2.o)
    0x000002e6   0x000002e6   0x00000000   Code   RO          562    .ARM.Collect$$libinit$$0000001F  c_w.l(libinit2.o)
    0x000002e6   0x000002e6   0x00000000   Code   RO          564    .ARM.Collect$$libinit$$00000021  c_w.l(libinit2.o)
    0x000002e6   0x000002e6   0x00000000   Code   RO          566    .ARM.Collect$$libinit$$00000023  c_w.l(libinit2.o)
    0x000002e6   0x000002e6   0x00000000   Code   RO          568    .ARM.Collect$$libinit$$00000025  c_w.l(libinit2.o)
    0x000002e6   0x000002e6   0x00000000   Code   RO          572    .ARM.Collect$$libinit$$0000002C  c_w.l(libinit2.o)
    0x000002e6   0x000002e6   0x00000000   Code   RO          574    .ARM.Collect$$libinit$$0000002E  c_w.l(libinit2.o)
    0x000002e6   0x000002e6   0x00000000   Code   RO          576    .ARM.Collect$$libinit$$00000030  c_w.l(libinit2.o)
    0x000002e6   0x000002e6   0x00000000   Code   RO          578    .ARM.Collect$$libinit$$00000032  c_w.l(libinit2.o)
    0x000002e6   0x000002e6   0x00000002   Code   RO          579    .ARM.Collect$$libinit$$00000033  c_w.l(libinit2.o)
    0x000002e8   0x000002e8   0x00000002   Code   RO          599    .ARM.Collect$$libshutdown$$00000000  c_w.l(libshutdown.o)
    0x000002ea   0x000002ea   0x00000000   Code   RO          612    .ARM.Collect$$libshutdown$$00000002  c_w.l(libshutdown2.o)
    0x000002ea   0x000002ea   0x00000000   Code   RO          614    .ARM.Collect$$libshutdown$$00000004  c_w.l(libshutdown2.o)
    0x000002ea   0x000002ea   0x00000000   Code   RO          617    .ARM.Collect$$libshutdown$$00000007  c_w.l(libshutdown2.o)
    0x000002ea   0x000002ea   0x00000000   Code   RO          620    .ARM.Collect$$libshutdown$$0000000A  c_w.l(libshutdown2.o)
    0x000002ea   0x000002ea   0x00000000   Code   RO          622    .ARM.Collect$$libshutdown$$0000000C  c_w.l(libshutdown2.o)
    0x000002ea   0x000002ea   0x00000000   Code   RO          625    .ARM.Collect$$libshutdown$$0000000F  c_w.l(libshutdown2.o)
    0x000002ea   0x000002ea   0x00000002   Code   RO          626    .ARM.Collect$$libshutdown$$00000010  c_w.l(libshutdown2.o)
    0x000002ec   0x000002ec   0x00000000   Code   RO          487    .ARM.Collect$$rtentry$$00000000  c_w.l(__rtentry.o)
    0x000002ec   0x000002ec   0x00000000   Code   RO          502    .ARM.Collect$$rtentry$$00000002  c_w.l(__rtentry2.o)
    0x000002ec   0x000002ec   0x00000006   Code   RO          514    .ARM.Collect$$rtentry$$00000004  c_w.l(__rtentry4.o)
    0x000002f2   0x000002f2   0x00000000   Code   RO          504    .ARM.Collect$$rtentry$$00000009  c_w.l(__rtentry2.o)
    0x000002f2   0x000002f2   0x00000004   Code   RO          505    .ARM.Collect$$rtentry$$0000000A  c_w.l(__rtentry2.o)
    0x000002f6   0x000002f6   0x00000000   Code   RO          507    .ARM.Collect$$rtentry$$0000000C  c_w.l(__rtentry2.o)
    0x000002f6   0x000002f6   0x00000008   Code   RO          508    .ARM.Collect$$rtentry$$0000000D  c_w.l(__rtentry2.o)
    0x000002fe   0x000002fe   0x00000002   Code   RO          533    .ARM.Collect$$rtexit$$00000000  c_w.l(rtexit.o)
    0x00000300   0x00000300   0x00000000   Code   RO          581    .ARM.Collect$$rtexit$$00000002  c_w.l(rtexit2.o)
    0x00000300   0x00000300   0x00000004   Code   RO          582    .ARM.Collect$$rtexit$$00000003  c_w.l(rtexit2.o)
    0x00000304   0x00000304   0x00000006   Code   RO          583    .ARM.Collect$$rtexit$$00000004  c_w.l(rtexit2.o)
    0x0000030a   0x0000030a   0x00000002   PAD
    0x0000030c   0x0000030c   0x00000114   Code   RO          393  * .text               startup_tm4c123.o
    0x00000420   0x00000420   0x00000006   Code   RO          463    .text               c_w.l(heapauxi.o)
    0x00000426   0x00000426   0x0000004a   Code   RO          518    .text               c_w.l(sys_stackheap_outer.o)
    0x00000470   0x00000470   0x00000012   Code   RO          520    .text               c_w.l(exit.o)
    0x00000482   0x00000482   0x00000002   PAD
    0x00000484   0x00000484   0x00000008   Code   RO          530    .text               c_w.l(libspace.o)
    0x0000048c   0x0000048c   0x0000000c   Code   RO          591    .text               c_w.l(sys_exit.o)
    0x00000498   0x00000498   0x00000002   Code   RO          602    .text               c_w.l(use_no_semi.o)
    0x0000049a   0x0000049a   0x00000000   Code   RO          604    .text               c_w.l(indicate_semi.o)
    0x0000049a   0x0000049a   0x00000018   Code   RO            2    i.DigitalPin        tm4c123xxgpio_driver.o
    0x000004b2   0x000004b2   0x00000002   PAD
    0x000004b4   0x000004b4   0x000000d4   Code   RO            3    i.GPIO_ClockControl  tm4c123xxgpio_driver.o
    0x00000588   0x00000588   0x0000026a   Code   RO            5    i.GPIO_Init         tm4c123xxgpio_driver.o
    0x000007f2   0x000007f2   0x00000028   Code   RO          205    i.GetSCLPin         tm4c123xxi2c_driver.o
    0x0000081a   0x0000081a   0x00000028   Code   RO          206    i.GetSDAPin         tm4c123xxi2c_driver.o
    0x00000842   0x00000842   0x00000002   PAD
    0x00000844   0x00000844   0x000000b0   Code   RO          207    i.I2CClockControl   tm4c123xxi2c_driver.o
    0x000008f4   0x000008f4   0x00000038   Code   RO          209    i.I2CGetAddress     tm4c123xxi2c_driver.o
    0x0000092c   0x0000092c   0x000001d4   Code   RO          210    i.I2CInit           tm4c123xxi2c_driver.o
    0x00000b00   0x00000b00   0x00000056   Code   RO          213    i.I2CMasterSendByte  tm4c123xxi2c_driver.o
    0x00000b56   0x00000b56   0x00000002   PAD
    0x00000b58   0x00000b58   0x00000098   Code   RO          402    i.SystemInit        system_tm4c123.o
    0x00000bf0   0x00000bf0   0x00000024   Code   RO            9    i.ToggleGPIOPin     tm4c123xxgpio_driver.o
    0x00000c14   0x00000c14   0x00000024   Code   RO          296    i.TurnOff           gpio_pins.o
    0x00000c38   0x00000c38   0x00000024   Code   RO          297    i.TurnOn            gpio_pins.o
    0x00000c5c   0x00000c5c   0x0000001c   Code   RO          299    i.UseLEDs           gpio_pins.o
    0x00000c78   0x00000c78   0x0000001a   Code   RO          217    i.WaitWhileI2CisBusy  tm4c123xxi2c_driver.o
    0x00000c92   0x00000c92   0x0000001a   Code   RO          302    i.blink             gpio_pins.o
    0x00000cac   0x00000cac   0x00000014   Code   RO          372    i.delay             feb12__01_i2c_master_send.o
    0x00000cc0   0x00000cc0   0x00000014   Code   RO          303    i.delay_for_blink   gpio_pins.o
    0x00000cd4   0x00000cd4   0x000000be   Code   RO          304    i.getPinNumber      gpio_pins.o
    0x00000d92   0x00000d92   0x00000002   PAD
    0x00000d94   0x00000d94   0x00000130   Code   RO          305    i.getPortAddr       gpio_pins.o
    0x00000ec4   0x00000ec4   0x000000be   Code   RO          306    i.getPortName       gpio_pins.o
    0x00000f82   0x00000f82   0x00000002   PAD
    0x00000f84   0x00000f84   0x00000060   Code   RO          373    i.main              feb12__01_i2c_master_send.o
    0x00000fe4   0x00000fe4   0x0000000a   Code   RO          589    x$fpl$fpinit        fz_wm.l(fpinit.o)
    0x00000fee   0x00000fee   0x00000002   PAD
    0x00000ff0   0x00000ff0   0x00000020   Data   RO          657    Region$$Table       anon$$obj.o


    Execution Region ER_RW (Exec base: 0x20000000, Load base: 0x00001010, Size: 0x00000004, Max: 0xffffffff, ABSOLUTE)

    Exec Addr    Load Addr    Size         Type   Attr      Idx    E Section Name        Object

    0x20000000   0x00001010   0x00000004   Data   RW          218    .data               tm4c123xxi2c_driver.o


    Execution Region ER_ZI (Exec base: 0x20000004, Load base: 0x00001014, Size: 0x00000264, Max: 0xffffffff, ABSOLUTE)

    Exec Addr    Load Addr    Size         Type   Attr      Idx    E Section Name        Object

    0x20000004        -       0x00000060   Zero   RW          531    .bss                c_w.l(libspace.o)
    0x20000064   0x00001014   0x00000004   PAD
    0x20000068        -       0x00000000   Zero   RW          391    HEAP                startup_tm4c123.o
    0x20000068        -       0x00000200   Zero   RW          390    STACK               startup_tm4c123.o


==============================================================================

Image component sizes


      Code (inc. data)   RO Data    RW Data    ZI Data      Debug   Object Name

       116         10          0          0          0       1115   feb12__01_i2c_master_send.o
       830        236          0          0          0       4884   gpio_pins.o
       276         24        620          0        512       5484   startup_tm4c123.o
       152         40          0          0          0        597   system_tm4c123.o
       890         28          0          0          0      18373   tm4c123xxgpio_driver.o
       892         30          0          4          0       5720   tm4c123xxi2c_driver.o

    ----------------------------------------------------------------------
      3166        368        652          4        512      36173   Object Totals
         0          0         32          0          0          0   (incl. Generated)
        10          0          0          0          0          0   (incl. Padding)

    ----------------------------------------------------------------------

      Code (inc. data)   RO Data    RW Data    ZI Data      Debug   Library Member Name

         8          0          0          0          0         68   __main.o
         0          0          0          0          0          0   __rtentry.o
        12          0          0          0          0          0   __rtentry2.o
         6          0          0          0          0          0   __rtentry4.o
        52          8          0          0          0          0   __scatter.o
        26          0          0          0          0          0   __scatter_copy.o
        28          0          0          0          0          0   __scatter_zi.o
        18          0          0          0          0         80   exit.o
         6          0          0          0          0        152   heapauxi.o
         0          0          0          0          0          0   indicate_semi.o
         2          0          0          0          0          0   libinit.o
         6          0          0          0          0          0   libinit2.o
         2          0          0          0          0          0   libshutdown.o
         2          0          0          0          0          0   libshutdown2.o
         8          4          0          0         96         68   libspace.o
         2          0          0          0          0          0   rtexit.o
        10          0          0          0          0          0   rtexit2.o
        12          4          0          0          0         68   sys_exit.o
        74          0          0          0          0         80   sys_stackheap_outer.o
         2          0          0          0          0         68   use_no_semi.o
        10          0          0          0          0        116   fpinit.o

    ----------------------------------------------------------------------
       294         16          0          0        100        700   Library Totals
         8          0          0          0          4          0   (incl. Padding)

    ----------------------------------------------------------------------

      Code (inc. data)   RO Data    RW Data    ZI Data      Debug   Library Name

       276         16          0          0         96        584   c_w.l
        10          0          0          0          0        116   fz_wm.l

    ----------------------------------------------------------------------
       294         16          0          0        100        700   Library Totals

    ----------------------------------------------------------------------

==============================================================================


      Code (inc. data)   RO Data    RW Data    ZI Data      Debug   

      3460        384        652          4        612      34917   Grand Totals
      3460        384        652          4        612      34917   ELF Image Totals
      3460        384        652          4          0          0   ROM Totals

==============================================================================

    Total RO  Size (Code + RO Data)                 4112 (   4.02kB)
    Total RW  Size (RW Data + ZI Data)               616 (   0.60kB)
    Total ROM Size (Code + RO Data + RW Data)       4116 (   4.02kB)

==============================================================================

